V3 3
FL /mnt/linux-data/opt/xilinx/projects/listing4.17/stop_watch.vhd 2014/03/23.11:38:53 P.20131013
EN work/stop_watch 1395574842 \
      FL /mnt/linux-data/opt/xilinx/projects/listing4.17/stop_watch.vhd \
      PB ieee/std_logic_1164 1381692176 PB ieee/NUMERIC_STD 1381692181
AR work/stop_watch/cascade_arch 1395574843 \
      FL /mnt/linux-data/opt/xilinx/projects/listing4.17/stop_watch.vhd \
      EN work/stop_watch 1395574842
