V3 5
FL /mnt/linux-data/opt/xilinx/projects/1.1/listing1.1/main.vhd 2014/03/17.17:21:37 P.20131013
EN work/eq1 1395077292 \
      FL /mnt/linux-data/opt/xilinx/projects/1.1/listing1.1/main.vhd \
      PB ieee/std_logic_1164 1381692176
AR work/eq1/sop_arch 1395077293 \
      FL /mnt/linux-data/opt/xilinx/projects/1.1/listing1.1/main.vhd EN work/eq1 1395077292
