V3 3
FL C:/Users/Vladimir/Documents/GitHub/Calculator/krae_listings/listing6.4/fib.vhd 2014/03/23.15:15:16 P.20131013
EN work/fib 1395593793 \
      FL C:/Users/Vladimir/Documents/GitHub/Calculator/krae_listings/listing6.4/fib.vhd \
      PB ieee/std_logic_1164 1381692176 PB ieee/NUMERIC_STD 1381692181
AR work/fib/arch 1395593794 \
      FL C:/Users/Vladimir/Documents/GitHub/Calculator/krae_listings/listing6.4/fib.vhd \
      EN work/fib 1395593793
